동해물과백두산이마르고닳도록하느님이보우하사우리나라

수정할거야

3번째


수정하고 나서
-> $ git add README.txt  // 로 추가할거 하고
-> $ git commit -m "text message_2" // 식별할 수 있는 거 적어줌
-> $ git status 로 저장상태 확인

-> $ git add README.txt  // 로 추가할거 하고
-> $ git commit -m "text message_2" // 식별할 수 있는 거 적어줌
-> 이 단계를 안거치면 status가 아래같이 뜸

$ git status
On branch main
Changes not staged for commit:
  (use "git add <file>..." to update what will be committed)
  (use "git restore <file>..." to discard changes in working directory)
        modified:   README.txt

no changes added to commit (use "git add" and/or "git commit -a")



